[36mvite v5.4.21 [32mbuilding for production...[36m[39m
transforming...
[32mΓ£ô[39m 28 modules transformed.
node.exe : 
[31mx[39m Build 
failed in 881ms
At C:\Program Files\no
dejs\npx.ps1:29 char:3
+   & $NODE_EXE 
$NPX_CLI_JS $args
+   ~~~~~~~~~~~~~~~~~~
~~~~~~~~~~~
    + CategoryInfo    
          : NotSpeci  
  fied: ([31mx[39   
 m Build failed in    
 881ms:String) []    
, RemoteException
    + FullyQualifiedE 
   rrorId : NativeCo  
  mmandError
 
[31merror during 
build:
[31m[vite:css] 
[postcss] D:/Startup_I
dea_Validator/frontend
/src/index.css:40:5: 
The 
`hover:bg-white/8` 
class does not exist. 
If `hover:bg-white/8` 
is a custom class, 
make sure it is 
defined within a 
`@layer` 
directive.[31m
file: [36mD:/Startup_
Idea_Validator/fronten
d/src/index.css:40:4[
31m
    at Input.error (D:
\Startup_Idea_Validato
r\frontend\node_module
s\postcss\lib\input.js
:135:16)
    at AtRule.error (D
:\Startup_Idea_Validat
or\frontend\node_modul
es\postcss\lib\node.js
:146:32)
    at processApply (D
:\Startup_Idea_Validat
or\frontend\node_modul
es\tailwindcss\lib\lib
\expandApplyAtRules.js
:380:29)
    at D:\Startup_Idea
_Validator\frontend\no
de_modules\tailwindcss
\lib\lib\expandApplyAt
Rules.js:551:9
    at D:\Startup_Idea
_Validator\frontend\no
de_modules\tailwindcss
\lib\processTailwindFe
atures.js:55:50
    at async plugins (
D:\Startup_Idea_Valida
tor\frontend\node_modu
les\tailwindcss\lib\pl
ugin.js:38:17)
    at async 
LazyResult.runAsync (D
:\Startup_Idea_Validat
or\frontend\node_modul
es\postcss\lib\lazy-re
sult.js:293:11)
    at async 
compileCSS (file:///D:
/Startup_Idea_Validato
r/frontend/node_module
s/vite/dist/node/chunk
s/dep-BK3b2jBa.js:3689
8:21)
    at async 
Object.transform (file
:///D:/Startup_Idea_Va
lidator/frontend/node_
modules/vite/dist/node
/chunks/dep-BK3b2jBa.j
s:36171:11)
    at async 
transform (file:///D:/
Startup_Idea_Validator
/frontend/node_modules
/rollup/dist/es/shared
/node-entry.js:21269:1
6)[39m
